// Jest Snapshot v1, https://goo.gl/fbAQLP

exports[`matches snapshot 1`] = `
<div
  className="form-control LabelsInput"
>
  <span
    className="RemovableLabel badge badge-primary"
  >
    <span>
      label1
    </span>
    <button
      onClick={[Function]}
    >
      <svg
        aria-hidden="true"
        className="octicon"
        height={10.666666666666666}
        role="img"
        style={
          Object {
            "display": "inline-block",
            "fill": "currentColor",
            "userSelect": "none",
            "verticalAlign": "text-bottom",
          }
        }
        viewBox="0 0 12 16"
        width={8}
      >
        <path
          d="M7.48 8l3.75 3.75-1.48 1.48L6 9.48l-3.75 3.75-1.48-1.48L4.52 8 .77 4.25l1.48-1.48L6 6.52l3.75-3.75 1.48 1.48L7.48 8z"
          fillRule="evenodd"
        />
      </svg>
    </button>
  </span>
  <span
    className="RemovableLabel badge badge-primary"
  >
    <span>
      label2
    </span>
    <button
      onClick={[Function]}
    >
      <svg
        aria-hidden="true"
        className="octicon"
        height={10.666666666666666}
        role="img"
        style={
          Object {
            "display": "inline-block",
            "fill": "currentColor",
            "userSelect": "none",
            "verticalAlign": "text-bottom",
          }
        }
        viewBox="0 0 12 16"
        width={8}
      >
        <path
          d="M7.48 8l3.75 3.75-1.48 1.48L6 9.48l-3.75 3.75-1.48-1.48L4.52 8 .77 4.25l1.48-1.48L6 6.52l3.75-3.75 1.48 1.48L7.48 8z"
          fillRule="evenodd"
        />
      </svg>
    </button>
  </span>
  <span
    className="RemovableLabel badge badge-primary"
  >
    <span>
      label3
    </span>
    <button
      onClick={[Function]}
    >
      <svg
        aria-hidden="true"
        className="octicon"
        height={10.666666666666666}
        role="img"
        style={
          Object {
            "display": "inline-block",
            "fill": "currentColor",
            "userSelect": "none",
            "verticalAlign": "text-bottom",
          }
        }
        viewBox="0 0 12 16"
        width={8}
      >
        <path
          d="M7.48 8l3.75 3.75-1.48 1.48L6 9.48l-3.75 3.75-1.48-1.48L4.52 8 .77 4.25l1.48-1.48L6 6.52l3.75-3.75 1.48 1.48L7.48 8z"
          fillRule="evenodd"
        />
      </svg>
    </button>
  </span>
  <input
    className="form-control"
    onChange={[Function]}
    type="text"
    value=""
  />
</div>
`;
